// Jest Snapshot v1, https://goo.gl/fbAQLP

exports[`<GroceryList> renders the GroceryList 1`] = `
<Fragment>
  <div
    className="container"
  >
    <table
      className="table table-hover main-section"
    >
      <thead>
        <tr>
          <th
            scope="col"
          >
            Â 
          </th>
          <th
            scope="col"
          >
            Grocery Name
          </th>
          <th
            scope="col"
          >
            Purchase Status
          </th>
          <th
            scope="col"
          >
            Action
          </th>
        </tr>
      </thead>
      <tbody />
    </table>
  </div>
</Fragment>
`;
