// Jest Snapshot v1, https://goo.gl/fbAQLP

exports[`<NoutFound> renders the NotFound component 1`] = `
<div
  className="not-found d-flex flex-row align-items-center"
>
  <div
    className="container"
  >
    <div
      className="row justify-content-center"
    >
      <div
        className="col-md-12 text-center"
      >
        <span
          className="display-1 d-block"
        >
          404
        </span>
        <div
          className="mb-4"
        >
          The page you are looking for was not found.
        </div>
      </div>
    </div>
  </div>
</div>
`;
